[2026-03-03T15:43:17.105+0000] {local_task_job_runner.py:120} INFO - ::group::Pre task execution logs
[2026-03-03T15:43:17.163+0000] {taskinstance.py:2076} INFO - Dependencies all met for dep_context=non-requeueable deps ti=<TaskInstance: customer_churn_pipeline.model_training manual__2026-03-03T15:42:50.348887+00:00 [queued]>
[2026-03-03T15:43:17.178+0000] {taskinstance.py:2076} INFO - Dependencies all met for dep_context=requeueable deps ti=<TaskInstance: customer_churn_pipeline.model_training manual__2026-03-03T15:42:50.348887+00:00 [queued]>
[2026-03-03T15:43:17.183+0000] {taskinstance.py:2306} INFO - Starting attempt 1 of 1
[2026-03-03T15:43:17.209+0000] {taskinstance.py:2330} INFO - Executing <Task(PythonOperator): model_training> on 2026-03-03 15:42:50.348887+00:00
[2026-03-03T15:43:17.216+0000] {standard_task_runner.py:64} INFO - Started process 194 to run task
[2026-03-03T15:43:17.220+0000] {standard_task_runner.py:90} INFO - Running: ['airflow', 'tasks', 'run', 'customer_churn_pipeline', 'model_training', 'manual__2026-03-03T15:42:50.348887+00:00', '--job-id', '6', '--raw', '--subdir', 'DAGS_FOLDER/churn_dag.py', '--cfg-path', '/tmp/tmp87cdyg93']
[2026-03-03T15:43:17.224+0000] {standard_task_runner.py:91} INFO - Job 6: Subtask model_training
[2026-03-03T15:43:17.324+0000] {task_command.py:426} INFO - Running <TaskInstance: customer_churn_pipeline.model_training manual__2026-03-03T15:42:50.348887+00:00 [running]> on host b08a84caee10
[2026-03-03T15:43:17.421+0000] {taskinstance.py:2648} INFO - Exporting env vars: AIRFLOW_CTX_DAG_OWNER='airflow' AIRFLOW_CTX_DAG_ID='customer_churn_pipeline' AIRFLOW_CTX_TASK_ID='model_training' AIRFLOW_CTX_EXECUTION_DATE='2026-03-03T15:42:50.348887+00:00' AIRFLOW_CTX_TRY_NUMBER='1' AIRFLOW_CTX_DAG_RUN_ID='manual__2026-03-03T15:42:50.348887+00:00'
[2026-03-03T15:43:17.423+0000] {taskinstance.py:430} INFO - ::endgroup::
[2026-03-03T15:43:17.644+0000] {taskinstance.py:441} INFO - ::group::Post task execution logs
[2026-03-03T15:43:17.646+0000] {taskinstance.py:2905} ERROR - Task failed with exception
Traceback (most recent call last):
  File "/home/airflow/.local/lib/python3.12/site-packages/airflow/models/taskinstance.py", line 465, in _execute_task
    result = _execute_callable(context=context, **execute_callable_kwargs)
             ^^^^^^^^^^^^^^^^^^^^^^^^^^^^^^^^^^^^^^^^^^^^^^^^^^^^^^^^^^^^^
  File "/home/airflow/.local/lib/python3.12/site-packages/airflow/models/taskinstance.py", line 432, in _execute_callable
    return execute_callable(context=context, **execute_callable_kwargs)
           ^^^^^^^^^^^^^^^^^^^^^^^^^^^^^^^^^^^^^^^^^^^^^^^^^^^^^^^^^^^^
  File "/home/airflow/.local/lib/python3.12/site-packages/airflow/models/baseoperator.py", line 401, in wrapper
    return func(self, *args, **kwargs)
           ^^^^^^^^^^^^^^^^^^^^^^^^^^^
  File "/home/airflow/.local/lib/python3.12/site-packages/airflow/operators/python.py", line 235, in execute
    return_value = self.execute_callable()
                   ^^^^^^^^^^^^^^^^^^^^^^^
  File "/home/airflow/.local/lib/python3.12/site-packages/airflow/operators/python.py", line 252, in execute_callable
    return self.python_callable(*self.op_args, **self.op_kwargs)
           ^^^^^^^^^^^^^^^^^^^^^^^^^^^^^^^^^^^^^^^^^^^^^^^^^^^^^
  File "/opt/airflow/dags/churn_dag.py", line 90, in model_training
    _run_python("src/train.py")
  File "/opt/airflow/dags/churn_dag.py", line 41, in _run_python
    raise RuntimeError(
RuntimeError: Failed running src/train.py
STDOUT:

STDERR:
Traceback (most recent call last):
  File "/opt/project/src/train.py", line 2, in <module>
    mlflow.set_tracking_uri(os.getenv("MLFLOW_TRACKING_URI", "http://localhost:5000"))
    ^^^^^^
NameError: name 'mlflow' is not defined

[2026-03-03T15:43:17.669+0000] {taskinstance.py:1206} INFO - Marking task as FAILED. dag_id=customer_churn_pipeline, task_id=model_training, run_id=manual__2026-03-03T15:42:50.348887+00:00, execution_date=20260303T154250, start_date=20260303T154317, end_date=20260303T154317
[2026-03-03T15:43:17.686+0000] {standard_task_runner.py:110} ERROR - Failed to execute job 6 for task model_training (Failed running src/train.py
STDOUT:

STDERR:
Traceback (most recent call last):
  File "/opt/project/src/train.py", line 2, in <module>
    mlflow.set_tracking_uri(os.getenv("MLFLOW_TRACKING_URI", "http://localhost:5000"))
    ^^^^^^
NameError: name 'mlflow' is not defined
; 194)
[2026-03-03T15:43:17.737+0000] {local_task_job_runner.py:243} INFO - Task exited with return code 1
[2026-03-03T15:43:17.768+0000] {taskinstance.py:3503} INFO - 0 downstream tasks scheduled from follow-on schedule check
[2026-03-03T15:43:17.782+0000] {local_task_job_runner.py:222} INFO - ::endgroup::
