[2026-03-03T15:35:30.461+0000] {manager.py:470} INFO - Processing files using up to 1 processes at a time 
[2026-03-03T15:35:30.463+0000] {manager.py:471} INFO - Process each file at most once every 30 seconds
[2026-03-03T15:35:30.467+0000] {manager.py:472} INFO - Checking for new files in /opt/airflow/dags every 300 seconds
[2026-03-03T15:35:30.470+0000] {manager.py:737} INFO - Searching for files in /opt/airflow/dags
[2026-03-03T15:35:30.522+0000] {manager.py:740} INFO - There are 1 files in /opt/airflow/dags
[2026-03-03T15:35:30.841+0000] {manager.py:878} INFO - 
================================================================================
DAG File Processing Stats

File Path                       PID    Runtime      # DAGs    # Errors  Last Runtime    Last Run
------------------------------  -----  ---------  --------  ----------  --------------  -------------------
/opt/airflow/dags/churn_dag.py                           1           0  0.22s           2026-03-03T15:35:30
================================================================================
[2026-03-03T15:35:58.940+0000] {manager.py:878} INFO - 
================================================================================
DAG File Processing Stats

File Path                       PID    Runtime      # DAGs    # Errors  Last Runtime    Last Run
------------------------------  -----  ---------  --------  ----------  --------------  -------------------
/opt/airflow/dags/churn_dag.py                           1           0  0.22s           2026-03-03T15:35:30
================================================================================
[2026-03-03T15:36:27.411+0000] {manager.py:878} INFO - 
================================================================================
DAG File Processing Stats

File Path                       PID    Runtime      # DAGs    # Errors  Last Runtime    Last Run
------------------------------  -----  ---------  --------  ----------  --------------  -------------------
/opt/airflow/dags/churn_dag.py                           1           0  0.43s           2026-03-03T15:36:01
================================================================================
[2026-03-03T15:36:55.826+0000] {manager.py:878} INFO - 
================================================================================
DAG File Processing Stats

File Path                       PID    Runtime      # DAGs    # Errors  Last Runtime    Last Run
------------------------------  -----  ---------  --------  ----------  --------------  -------------------
/opt/airflow/dags/churn_dag.py                           1           0  0.31s           2026-03-03T15:36:32
================================================================================
[2026-03-03T15:37:24.365+0000] {manager.py:878} INFO - 
================================================================================
DAG File Processing Stats

File Path                       PID    Runtime      # DAGs    # Errors  Last Runtime    Last Run
------------------------------  -----  ---------  --------  ----------  --------------  -------------------
/opt/airflow/dags/churn_dag.py                           1           0  0.32s           2026-03-03T15:37:03
================================================================================
[2026-03-03T15:37:52.720+0000] {manager.py:878} INFO - 
================================================================================
DAG File Processing Stats

File Path                       PID    Runtime      # DAGs    # Errors  Last Runtime    Last Run
------------------------------  -----  ---------  --------  ----------  --------------  -------------------
/opt/airflow/dags/churn_dag.py                           1           0  0.32s           2026-03-03T15:37:33
================================================================================
[2026-03-03T15:38:20.993+0000] {manager.py:878} INFO - 
================================================================================
DAG File Processing Stats

File Path                       PID    Runtime      # DAGs    # Errors  Last Runtime    Last Run
------------------------------  -----  ---------  --------  ----------  --------------  -------------------
/opt/airflow/dags/churn_dag.py                           1           0  0.31s           2026-03-03T15:38:04
================================================================================
[2026-03-03T15:38:49.379+0000] {manager.py:878} INFO - 
================================================================================
DAG File Processing Stats

File Path                       PID    Runtime      # DAGs    # Errors  Last Runtime    Last Run
------------------------------  -----  ---------  --------  ----------  --------------  -------------------
/opt/airflow/dags/churn_dag.py                           1           0  0.21s           2026-03-03T15:38:35
================================================================================
[2026-03-03T15:39:17.597+0000] {manager.py:878} INFO - 
================================================================================
DAG File Processing Stats

File Path                       PID    Runtime      # DAGs    # Errors  Last Runtime    Last Run
------------------------------  -----  ---------  --------  ----------  --------------  -------------------
/opt/airflow/dags/churn_dag.py                           1           0  0.32s           2026-03-03T15:39:06
================================================================================
[2026-03-03T15:39:45.676+0000] {manager.py:878} INFO - 
================================================================================
DAG File Processing Stats

File Path                       PID    Runtime      # DAGs    # Errors  Last Runtime    Last Run
------------------------------  -----  ---------  --------  ----------  --------------  -------------------
/opt/airflow/dags/churn_dag.py                           1           0  0.32s           2026-03-03T15:39:37
================================================================================
[2026-03-03T15:40:13.975+0000] {manager.py:878} INFO - 
================================================================================
DAG File Processing Stats

File Path                       PID    Runtime      # DAGs    # Errors  Last Runtime    Last Run
------------------------------  -----  ---------  --------  ----------  --------------  -------------------
/opt/airflow/dags/churn_dag.py                           1           0  0.42s           2026-03-03T15:40:08
================================================================================
[2026-03-03T15:40:31.007+0000] {manager.py:737} INFO - Searching for files in /opt/airflow/dags
[2026-03-03T15:40:31.065+0000] {manager.py:740} INFO - There are 1 files in /opt/airflow/dags
[2026-03-03T15:40:42.249+0000] {manager.py:878} INFO - 
================================================================================
DAG File Processing Stats

File Path                       PID    Runtime      # DAGs    # Errors  Last Runtime    Last Run
------------------------------  -----  ---------  --------  ----------  --------------  -------------------
/opt/airflow/dags/churn_dag.py                           1           0  0.44s           2026-03-03T15:40:39
================================================================================
[2026-03-03T15:41:10.733+0000] {manager.py:878} INFO - 
================================================================================
DAG File Processing Stats

File Path                       PID    Runtime      # DAGs    # Errors  Last Runtime    Last Run
------------------------------  -----  ---------  --------  ----------  --------------  -------------------
/opt/airflow/dags/churn_dag.py                           1           0  0.21s           2026-03-03T15:41:10
================================================================================
[2026-03-03T15:41:39.773+0000] {manager.py:878} INFO - 
================================================================================
DAG File Processing Stats

File Path                       PID    Runtime      # DAGs    # Errors  Last Runtime    Last Run
------------------------------  -----  ---------  --------  ----------  --------------  -------------------
/opt/airflow/dags/churn_dag.py                           1           0  0.21s           2026-03-03T15:41:10
================================================================================
[2026-03-03T15:42:08.119+0000] {manager.py:878} INFO - 
================================================================================
DAG File Processing Stats

File Path                       PID    Runtime      # DAGs    # Errors  Last Runtime    Last Run
------------------------------  -----  ---------  --------  ----------  --------------  -------------------
/opt/airflow/dags/churn_dag.py                           1           0  0.32s           2026-03-03T15:41:41
================================================================================
[2026-03-03T15:42:36.339+0000] {manager.py:878} INFO - 
================================================================================
DAG File Processing Stats

File Path                       PID    Runtime      # DAGs    # Errors  Last Runtime    Last Run
------------------------------  -----  ---------  --------  ----------  --------------  -------------------
/opt/airflow/dags/churn_dag.py                           1           0  0.32s           2026-03-03T15:42:12
================================================================================
[2026-03-03T15:43:07.299+0000] {manager.py:878} INFO - 
================================================================================
DAG File Processing Stats

File Path                       PID    Runtime      # DAGs    # Errors  Last Runtime    Last Run
------------------------------  -----  ---------  --------  ----------  --------------  -------------------
/opt/airflow/dags/churn_dag.py                           1           0  0.32s           2026-03-03T15:42:43
================================================================================
[2026-03-03T15:43:35.537+0000] {manager.py:878} INFO - 
================================================================================
DAG File Processing Stats

File Path                       PID    Runtime      # DAGs    # Errors  Last Runtime    Last Run
------------------------------  -----  ---------  --------  ----------  --------------  -------------------
/opt/airflow/dags/churn_dag.py                           1           0  0.53s           2026-03-03T15:43:19
================================================================================
[2026-03-03T15:44:03.594+0000] {manager.py:878} INFO - 
================================================================================
DAG File Processing Stats

File Path                       PID    Runtime      # DAGs    # Errors  Last Runtime    Last Run
------------------------------  -----  ---------  --------  ----------  --------------  -------------------
/opt/airflow/dags/churn_dag.py                           1           0  0.32s           2026-03-03T15:43:49
================================================================================
[2026-03-03T15:44:31.777+0000] {manager.py:878} INFO - 
================================================================================
DAG File Processing Stats

File Path                       PID    Runtime      # DAGs    # Errors  Last Runtime    Last Run
------------------------------  -----  ---------  --------  ----------  --------------  -------------------
/opt/airflow/dags/churn_dag.py                           1           0  0.22s           2026-03-03T15:44:20
================================================================================
[2026-03-03T15:44:59.921+0000] {manager.py:878} INFO - 
================================================================================
DAG File Processing Stats

File Path                       PID    Runtime      # DAGs    # Errors  Last Runtime    Last Run
------------------------------  -----  ---------  --------  ----------  --------------  -------------------
/opt/airflow/dags/churn_dag.py                           1           0  0.34s           2026-03-03T15:44:51
================================================================================
[2026-03-03T15:45:28.131+0000] {manager.py:878} INFO - 
================================================================================
DAG File Processing Stats

File Path                       PID    Runtime      # DAGs    # Errors  Last Runtime    Last Run
------------------------------  -----  ---------  --------  ----------  --------------  -------------------
/opt/airflow/dags/churn_dag.py                           1           0  0.22s           2026-03-03T15:45:21
================================================================================
[2026-03-03T15:45:31.736+0000] {manager.py:737} INFO - Searching for files in /opt/airflow/dags
[2026-03-03T15:45:31.829+0000] {manager.py:740} INFO - There are 1 files in /opt/airflow/dags
[2026-03-03T15:45:56.263+0000] {manager.py:878} INFO - 
================================================================================
DAG File Processing Stats

File Path                       PID    Runtime      # DAGs    # Errors  Last Runtime    Last Run
------------------------------  -----  ---------  --------  ----------  --------------  -------------------
/opt/airflow/dags/churn_dag.py                           1           0  0.32s           2026-03-03T15:45:53
================================================================================
[2026-03-03T15:46:24.600+0000] {manager.py:878} INFO - 
================================================================================
DAG File Processing Stats

File Path                       PID    Runtime      # DAGs    # Errors  Last Runtime    Last Run
------------------------------  -----  ---------  --------  ----------  --------------  -------------------
/opt/airflow/dags/churn_dag.py                           1           0  0.33s           2026-03-03T15:46:24
================================================================================
[2026-03-03T15:46:52.746+0000] {manager.py:878} INFO - 
================================================================================
DAG File Processing Stats

File Path                       PID    Runtime      # DAGs    # Errors  Last Runtime    Last Run
------------------------------  -----  ---------  --------  ----------  --------------  -------------------
/opt/airflow/dags/churn_dag.py                           1           0  0.33s           2026-03-03T15:46:24
================================================================================
[2026-03-03T15:47:20.820+0000] {manager.py:878} INFO - 
================================================================================
DAG File Processing Stats

File Path                       PID    Runtime      # DAGs    # Errors  Last Runtime    Last Run
------------------------------  -----  ---------  --------  ----------  --------------  -------------------
/opt/airflow/dags/churn_dag.py                           1           0  0.32s           2026-03-03T15:46:55
================================================================================
[2026-03-03T15:47:48.958+0000] {manager.py:878} INFO - 
================================================================================
DAG File Processing Stats

File Path                       PID    Runtime      # DAGs    # Errors  Last Runtime    Last Run
------------------------------  -----  ---------  --------  ----------  --------------  -------------------
/opt/airflow/dags/churn_dag.py                           1           0  0.41s           2026-03-03T15:47:26
================================================================================
[2026-03-03T15:48:16.468+0000] {manager.py:878} INFO - 
================================================================================
DAG File Processing Stats

File Path                       PID    Runtime      # DAGs    # Errors  Last Runtime    Last Run
------------------------------  -----  ---------  --------  ----------  --------------  -------------------
/opt/airflow/dags/churn_dag.py                           1           0  0.32s           2026-03-03T15:47:57
================================================================================
[2026-03-03T15:48:44.590+0000] {manager.py:878} INFO - 
================================================================================
DAG File Processing Stats

File Path                       PID    Runtime      # DAGs    # Errors  Last Runtime    Last Run
------------------------------  -----  ---------  --------  ----------  --------------  -------------------
/opt/airflow/dags/churn_dag.py                           1           0  0.44s           2026-03-03T15:48:28
================================================================================
[2026-03-03T15:49:12.637+0000] {manager.py:878} INFO - 
================================================================================
DAG File Processing Stats

File Path                       PID    Runtime      # DAGs    # Errors  Last Runtime    Last Run
------------------------------  -----  ---------  --------  ----------  --------------  -------------------
/opt/airflow/dags/churn_dag.py                           1           0  0.31s           2026-03-03T15:48:59
================================================================================
[2026-03-03T15:49:40.679+0000] {manager.py:878} INFO - 
================================================================================
DAG File Processing Stats

File Path                       PID    Runtime      # DAGs    # Errors  Last Runtime    Last Run
------------------------------  -----  ---------  --------  ----------  --------------  -------------------
/opt/airflow/dags/churn_dag.py                           1           0  0.51s           2026-03-03T15:49:31
================================================================================
[2026-03-03T15:50:08.967+0000] {manager.py:878} INFO - 
================================================================================
DAG File Processing Stats

File Path                       PID    Runtime      # DAGs    # Errors  Last Runtime    Last Run
------------------------------  -----  ---------  --------  ----------  --------------  -------------------
/opt/airflow/dags/churn_dag.py                           1           0  0.31s           2026-03-03T15:50:01
================================================================================
[2026-03-03T15:50:32.780+0000] {manager.py:737} INFO - Searching for files in /opt/airflow/dags
[2026-03-03T15:50:32.879+0000] {manager.py:740} INFO - There are 1 files in /opt/airflow/dags
[2026-03-03T15:50:36.990+0000] {manager.py:878} INFO - 
================================================================================
DAG File Processing Stats

File Path                       PID    Runtime      # DAGs    # Errors  Last Runtime    Last Run
------------------------------  -----  ---------  --------  ----------  --------------  -------------------
/opt/airflow/dags/churn_dag.py                           1           0  0.42s           2026-03-03T15:50:33
================================================================================
[2026-03-03T15:51:05.055+0000] {manager.py:878} INFO - 
================================================================================
DAG File Processing Stats

File Path                       PID    Runtime      # DAGs    # Errors  Last Runtime    Last Run
------------------------------  -----  ---------  --------  ----------  --------------  -------------------
/opt/airflow/dags/churn_dag.py                           1           0  0.32s           2026-03-03T15:51:04
================================================================================
[2026-03-03T15:51:33.302+0000] {manager.py:878} INFO - 
================================================================================
DAG File Processing Stats

File Path                       PID    Runtime      # DAGs    # Errors  Last Runtime    Last Run
------------------------------  -----  ---------  --------  ----------  --------------  -------------------
/opt/airflow/dags/churn_dag.py                           1           0  0.32s           2026-03-03T15:51:04
================================================================================
[2026-03-03T15:52:01.054+0000] {manager.py:878} INFO - 
================================================================================
DAG File Processing Stats

File Path                       PID    Runtime      # DAGs    # Errors  Last Runtime    Last Run
------------------------------  -----  ---------  --------  ----------  --------------  -------------------
/opt/airflow/dags/churn_dag.py                           1           0  0.42s           2026-03-03T15:51:35
================================================================================
[2026-03-03T15:52:27.432+0000] {manager.py:878} INFO - 
================================================================================
DAG File Processing Stats

File Path                       PID    Runtime      # DAGs    # Errors  Last Runtime    Last Run
------------------------------  -----  ---------  --------  ----------  --------------  -------------------
/opt/airflow/dags/churn_dag.py                           1           0  0.41s           2026-03-03T15:52:06
================================================================================
[2026-03-03T15:52:55.251+0000] {manager.py:878} INFO - 
================================================================================
DAG File Processing Stats

File Path                       PID    Runtime      # DAGs    # Errors  Last Runtime    Last Run
------------------------------  -----  ---------  --------  ----------  --------------  -------------------
/opt/airflow/dags/churn_dag.py                           1           0  0.31s           2026-03-03T15:52:36
================================================================================
[2026-03-03T15:53:25.197+0000] {manager.py:878} INFO - 
================================================================================
DAG File Processing Stats

File Path                       PID    Runtime      # DAGs    # Errors  Last Runtime    Last Run
------------------------------  -----  ---------  --------  ----------  --------------  -------------------
/opt/airflow/dags/churn_dag.py                           1           0  0.41s           2026-03-03T15:53:07
================================================================================
[2026-03-03T15:53:52.591+0000] {manager.py:878} INFO - 
================================================================================
DAG File Processing Stats

File Path                       PID    Runtime      # DAGs    # Errors  Last Runtime    Last Run
------------------------------  -----  ---------  --------  ----------  --------------  -------------------
/opt/airflow/dags/churn_dag.py                           1           0  0.33s           2026-03-03T15:53:38
================================================================================
[2026-03-03T15:54:24.508+0000] {manager.py:878} INFO - 
================================================================================
DAG File Processing Stats

File Path                       PID    Runtime      # DAGs    # Errors  Last Runtime    Last Run
------------------------------  -----  ---------  --------  ----------  --------------  -------------------
/opt/airflow/dags/churn_dag.py                           1           0  0.31s           2026-03-03T15:54:09
================================================================================
[2026-03-03T15:54:50.780+0000] {manager.py:878} INFO - 
================================================================================
DAG File Processing Stats

File Path                       PID    Runtime      # DAGs    # Errors  Last Runtime    Last Run
------------------------------  -----  ---------  --------  ----------  --------------  -------------------
/opt/airflow/dags/churn_dag.py                           1           0  0.32s           2026-03-03T15:54:40
================================================================================
[2026-03-03T15:55:18.865+0000] {manager.py:878} INFO - 
================================================================================
DAG File Processing Stats

File Path                       PID    Runtime      # DAGs    # Errors  Last Runtime    Last Run
------------------------------  -----  ---------  --------  ----------  --------------  -------------------
/opt/airflow/dags/churn_dag.py                           1           0  0.42s           2026-03-03T15:55:10
================================================================================
[2026-03-03T15:55:33.008+0000] {manager.py:737} INFO - Searching for files in /opt/airflow/dags
[2026-03-03T15:55:33.114+0000] {manager.py:740} INFO - There are 1 files in /opt/airflow/dags
[2026-03-03T15:55:47.031+0000] {manager.py:878} INFO - 
================================================================================
DAG File Processing Stats

File Path                       PID    Runtime      # DAGs    # Errors  Last Runtime    Last Run
------------------------------  -----  ---------  --------  ----------  --------------  -------------------
/opt/airflow/dags/churn_dag.py                           1           0  0.32s           2026-03-03T15:55:41
================================================================================
[2026-03-03T15:56:15.068+0000] {manager.py:878} INFO - 
================================================================================
DAG File Processing Stats

File Path                       PID    Runtime      # DAGs    # Errors  Last Runtime    Last Run
------------------------------  -----  ---------  --------  ----------  --------------  -------------------
/opt/airflow/dags/churn_dag.py                           1           0  0.55s           2026-03-03T15:56:12
================================================================================
[2026-03-03T15:56:43.028+0000] {manager.py:878} INFO - 
================================================================================
DAG File Processing Stats

File Path                       PID    Runtime      # DAGs    # Errors  Last Runtime    Last Run
------------------------------  -----  ---------  --------  ----------  --------------  -------------------
/opt/airflow/dags/churn_dag.py                           1           0  0.21s           2026-03-03T15:56:42
================================================================================
[2026-03-03T15:57:11.138+0000] {manager.py:878} INFO - 
================================================================================
DAG File Processing Stats

File Path                       PID    Runtime      # DAGs    # Errors  Last Runtime    Last Run
------------------------------  -----  ---------  --------  ----------  --------------  -------------------
/opt/airflow/dags/churn_dag.py                           1           0  0.21s           2026-03-03T15:56:42
================================================================================
[2026-03-03T15:57:39.078+0000] {manager.py:878} INFO - 
================================================================================
DAG File Processing Stats

File Path                       PID    Runtime      # DAGs    # Errors  Last Runtime    Last Run
------------------------------  -----  ---------  --------  ----------  --------------  -------------------
/opt/airflow/dags/churn_dag.py                           1           0  0.32s           2026-03-03T15:57:14
================================================================================
[2026-03-03T15:58:07.274+0000] {manager.py:878} INFO - 
================================================================================
DAG File Processing Stats

File Path                       PID    Runtime      # DAGs    # Errors  Last Runtime    Last Run
------------------------------  -----  ---------  --------  ----------  --------------  -------------------
/opt/airflow/dags/churn_dag.py                           1           0  0.22s           2026-03-03T15:57:44
================================================================================
[2026-03-03T15:58:34.823+0000] {manager.py:878} INFO - 
================================================================================
DAG File Processing Stats

File Path                       PID    Runtime      # DAGs    # Errors  Last Runtime    Last Run
------------------------------  -----  ---------  --------  ----------  --------------  -------------------
/opt/airflow/dags/churn_dag.py                           1           0  0.33s           2026-03-03T15:58:14
================================================================================
[2026-03-03T15:59:02.666+0000] {manager.py:878} INFO - 
================================================================================
DAG File Processing Stats

File Path                       PID    Runtime      # DAGs    # Errors  Last Runtime    Last Run
------------------------------  -----  ---------  --------  ----------  --------------  -------------------
/opt/airflow/dags/churn_dag.py                           1           0  0.31s           2026-03-03T15:58:45
================================================================================
[2026-03-03T15:59:31.079+0000] {manager.py:878} INFO - 
================================================================================
DAG File Processing Stats

File Path                       PID    Runtime      # DAGs    # Errors  Last Runtime    Last Run
------------------------------  -----  ---------  --------  ----------  --------------  -------------------
/opt/airflow/dags/churn_dag.py                           1           0  0.32s           2026-03-03T15:59:15
================================================================================
[2026-03-03T15:59:59.257+0000] {manager.py:878} INFO - 
================================================================================
DAG File Processing Stats

File Path                       PID    Runtime      # DAGs    # Errors  Last Runtime    Last Run
------------------------------  -----  ---------  --------  ----------  --------------  -------------------
/opt/airflow/dags/churn_dag.py                           1           0  0.22s           2026-03-03T15:59:46
================================================================================
[2026-03-03T16:00:27.301+0000] {manager.py:878} INFO - 
================================================================================
DAG File Processing Stats

File Path                       PID    Runtime      # DAGs    # Errors  Last Runtime    Last Run
------------------------------  -----  ---------  --------  ----------  --------------  -------------------
/opt/airflow/dags/churn_dag.py                           1           0  0.33s           2026-03-03T16:00:16
================================================================================
[2026-03-03T16:00:33.185+0000] {manager.py:737} INFO - Searching for files in /opt/airflow/dags
[2026-03-03T16:00:33.278+0000] {manager.py:740} INFO - There are 1 files in /opt/airflow/dags
[2026-03-03T16:00:55.317+0000] {manager.py:878} INFO - 
================================================================================
DAG File Processing Stats

File Path                       PID    Runtime      # DAGs    # Errors  Last Runtime    Last Run
------------------------------  -----  ---------  --------  ----------  --------------  -------------------
/opt/airflow/dags/churn_dag.py                           1           0  0.33s           2026-03-03T16:00:48
================================================================================
[2026-03-03T16:01:23.304+0000] {manager.py:878} INFO - 
================================================================================
DAG File Processing Stats

File Path                       PID    Runtime      # DAGs    # Errors  Last Runtime    Last Run
------------------------------  -----  ---------  --------  ----------  --------------  -------------------
/opt/airflow/dags/churn_dag.py                           1           0  0.41s           2026-03-03T16:01:18
================================================================================
[2026-03-03T16:01:51.305+0000] {manager.py:878} INFO - 
================================================================================
DAG File Processing Stats

File Path                       PID    Runtime      # DAGs    # Errors  Last Runtime    Last Run
------------------------------  -----  ---------  --------  ----------  --------------  -------------------
/opt/airflow/dags/churn_dag.py                           1           0  0.21s           2026-03-03T16:01:49
================================================================================
[2026-03-03T16:02:19.623+0000] {manager.py:878} INFO - 
================================================================================
DAG File Processing Stats

File Path                       PID    Runtime      # DAGs    # Errors  Last Runtime    Last Run
------------------------------  -----  ---------  --------  ----------  --------------  -------------------
/opt/airflow/dags/churn_dag.py                           1           0  0.32s           2026-03-03T16:02:19
================================================================================
[2026-03-03T16:02:47.758+0000] {manager.py:878} INFO - 
================================================================================
DAG File Processing Stats

File Path                       PID    Runtime      # DAGs    # Errors  Last Runtime    Last Run
------------------------------  -----  ---------  --------  ----------  --------------  -------------------
/opt/airflow/dags/churn_dag.py                           1           0  0.32s           2026-03-03T16:02:19
================================================================================
[2026-03-03T16:03:15.774+0000] {manager.py:878} INFO - 
================================================================================
DAG File Processing Stats

File Path                       PID    Runtime      # DAGs    # Errors  Last Runtime    Last Run
------------------------------  -----  ---------  --------  ----------  --------------  -------------------
/opt/airflow/dags/churn_dag.py                           1           0  0.43s           2026-03-03T16:02:50
================================================================================
[2026-03-03T16:03:43.698+0000] {manager.py:878} INFO - 
================================================================================
DAG File Processing Stats

File Path                       PID    Runtime      # DAGs    # Errors  Last Runtime    Last Run
------------------------------  -----  ---------  --------  ----------  --------------  -------------------
/opt/airflow/dags/churn_dag.py                           1           0  0.33s           2026-03-03T16:03:22
================================================================================
[2026-03-03T16:04:11.683+0000] {manager.py:878} INFO - 
================================================================================
DAG File Processing Stats

File Path                       PID    Runtime      # DAGs    # Errors  Last Runtime    Last Run
------------------------------  -----  ---------  --------  ----------  --------------  -------------------
/opt/airflow/dags/churn_dag.py                           1           0  0.42s           2026-03-03T16:03:53
================================================================================
[2026-03-03T16:04:39.673+0000] {manager.py:878} INFO - 
================================================================================
DAG File Processing Stats

File Path                       PID    Runtime      # DAGs    # Errors  Last Runtime    Last Run
------------------------------  -----  ---------  --------  ----------  --------------  -------------------
/opt/airflow/dags/churn_dag.py                           1           0  0.31s           2026-03-03T16:04:23
================================================================================
[2026-03-03T16:05:07.606+0000] {manager.py:878} INFO - 
================================================================================
DAG File Processing Stats

File Path                       PID    Runtime      # DAGs    # Errors  Last Runtime    Last Run
------------------------------  -----  ---------  --------  ----------  --------------  -------------------
/opt/airflow/dags/churn_dag.py                           1           0  0.41s           2026-03-03T16:04:55
================================================================================
[2026-03-03T16:05:33.726+0000] {manager.py:737} INFO - Searching for files in /opt/airflow/dags
[2026-03-03T16:05:33.854+0000] {manager.py:740} INFO - There are 1 files in /opt/airflow/dags
[2026-03-03T16:05:36.062+0000] {manager.py:878} INFO - 
================================================================================
DAG File Processing Stats

File Path                       PID    Runtime      # DAGs    # Errors  Last Runtime    Last Run
------------------------------  -----  ---------  --------  ----------  --------------  -------------------
/opt/airflow/dags/churn_dag.py                           1           0  0.41s           2026-03-03T16:05:26
================================================================================
[2026-03-03T16:06:03.846+0000] {manager.py:878} INFO - 
================================================================================
DAG File Processing Stats

File Path                       PID    Runtime      # DAGs    # Errors  Last Runtime    Last Run
------------------------------  -----  ---------  --------  ----------  --------------  -------------------
/opt/airflow/dags/churn_dag.py                           1           0  0.32s           2026-03-03T16:05:57
================================================================================
[2026-03-03T16:06:31.734+0000] {manager.py:878} INFO - 
================================================================================
DAG File Processing Stats

File Path                       PID    Runtime      # DAGs    # Errors  Last Runtime    Last Run
------------------------------  -----  ---------  --------  ----------  --------------  -------------------
/opt/airflow/dags/churn_dag.py                           1           0  0.33s           2026-03-03T16:06:27
================================================================================
[2026-03-03T16:06:59.824+0000] {manager.py:878} INFO - 
================================================================================
DAG File Processing Stats

File Path                       PID    Runtime      # DAGs    # Errors  Last Runtime    Last Run
------------------------------  -----  ---------  --------  ----------  --------------  -------------------
/opt/airflow/dags/churn_dag.py                           1           0  0.31s           2026-03-03T16:06:58
================================================================================
[2026-03-03T16:07:27.746+0000] {manager.py:878} INFO - 
================================================================================
DAG File Processing Stats

File Path                       PID    Runtime      # DAGs    # Errors  Last Runtime    Last Run
------------------------------  -----  ---------  --------  ----------  --------------  -------------------
/opt/airflow/dags/churn_dag.py                           1           0  0.31s           2026-03-03T16:06:58
================================================================================
[2026-03-03T16:07:55.755+0000] {manager.py:878} INFO - 
================================================================================
DAG File Processing Stats

File Path                       PID    Runtime      # DAGs    # Errors  Last Runtime    Last Run
------------------------------  -----  ---------  --------  ----------  --------------  -------------------
/opt/airflow/dags/churn_dag.py                           1           0  0.33s           2026-03-03T16:07:29
================================================================================
[2026-03-03T16:08:23.754+0000] {manager.py:878} INFO - 
================================================================================
DAG File Processing Stats

File Path                       PID    Runtime      # DAGs    # Errors  Last Runtime    Last Run
------------------------------  -----  ---------  --------  ----------  --------------  -------------------
/opt/airflow/dags/churn_dag.py                           1           0  0.33s           2026-03-03T16:08:00
================================================================================
[2026-03-03T16:08:51.818+0000] {manager.py:878} INFO - 
================================================================================
DAG File Processing Stats

File Path                       PID    Runtime      # DAGs    # Errors  Last Runtime    Last Run
------------------------------  -----  ---------  --------  ----------  --------------  -------------------
/opt/airflow/dags/churn_dag.py                           1           0  0.42s           2026-03-03T16:08:31
================================================================================
[2026-03-03T16:09:19.733+0000] {manager.py:878} INFO - 
================================================================================
DAG File Processing Stats

File Path                       PID    Runtime      # DAGs    # Errors  Last Runtime    Last Run
------------------------------  -----  ---------  --------  ----------  --------------  -------------------
/opt/airflow/dags/churn_dag.py                           1           0  0.42s           2026-03-03T16:09:02
================================================================================
[2026-03-03T16:09:47.775+0000] {manager.py:878} INFO - 
================================================================================
DAG File Processing Stats

File Path                       PID    Runtime      # DAGs    # Errors  Last Runtime    Last Run
------------------------------  -----  ---------  --------  ----------  --------------  -------------------
/opt/airflow/dags/churn_dag.py                           1           0  0.21s           2026-03-03T16:09:32
================================================================================
[2026-03-03T16:10:15.658+0000] {manager.py:878} INFO - 
================================================================================
DAG File Processing Stats

File Path                       PID    Runtime      # DAGs    # Errors  Last Runtime    Last Run
------------------------------  -----  ---------  --------  ----------  --------------  -------------------
/opt/airflow/dags/churn_dag.py                           1           0  0.21s           2026-03-03T16:10:03
================================================================================
[2026-03-03T16:10:34.660+0000] {manager.py:737} INFO - Searching for files in /opt/airflow/dags
[2026-03-03T16:10:34.787+0000] {manager.py:740} INFO - There are 1 files in /opt/airflow/dags
[2026-03-03T16:10:43.878+0000] {manager.py:878} INFO - 
================================================================================
DAG File Processing Stats

File Path                       PID    Runtime      # DAGs    # Errors  Last Runtime    Last Run
------------------------------  -----  ---------  --------  ----------  --------------  -------------------
/opt/airflow/dags/churn_dag.py                           1           0  0.31s           2026-03-03T16:10:33
================================================================================
[2026-03-03T16:11:13.279+0000] {manager.py:878} INFO - 
================================================================================
DAG File Processing Stats

File Path                       PID    Runtime      # DAGs    # Errors  Last Runtime    Last Run
------------------------------  -----  ---------  --------  ----------  --------------  -------------------
/opt/airflow/dags/churn_dag.py                           1           0  0.31s           2026-03-03T16:11:04
================================================================================
[2026-03-03T16:11:40.511+0000] {manager.py:878} INFO - 
================================================================================
DAG File Processing Stats

File Path                       PID    Runtime      # DAGs    # Errors  Last Runtime    Last Run
------------------------------  -----  ---------  --------  ----------  --------------  -------------------
/opt/airflow/dags/churn_dag.py                           1           0  0.21s           2026-03-03T16:11:35
================================================================================
[2026-03-03T16:12:10.074+0000] {manager.py:878} INFO - 
================================================================================
DAG File Processing Stats

File Path                       PID    Runtime      # DAGs    # Errors  Last Runtime    Last Run
------------------------------  -----  ---------  --------  ----------  --------------  -------------------
/opt/airflow/dags/churn_dag.py                           1           0  0.21s           2026-03-03T16:12:06
================================================================================
[2026-03-03T16:12:38.318+0000] {manager.py:878} INFO - 
================================================================================
DAG File Processing Stats

File Path                       PID    Runtime      # DAGs    # Errors  Last Runtime    Last Run
------------------------------  -----  ---------  --------  ----------  --------------  -------------------
/opt/airflow/dags/churn_dag.py                           1           0  0.21s           2026-03-03T16:12:36
================================================================================
[2026-03-03T16:13:06.554+0000] {manager.py:878} INFO - 
================================================================================
DAG File Processing Stats

File Path                       PID    Runtime      # DAGs    # Errors  Last Runtime    Last Run
------------------------------  -----  ---------  --------  ----------  --------------  -------------------
/opt/airflow/dags/churn_dag.py                           1           0  0.21s           2026-03-03T16:12:36
================================================================================
[2026-03-03T16:13:34.656+0000] {manager.py:878} INFO - 
================================================================================
DAG File Processing Stats

File Path                       PID    Runtime      # DAGs    # Errors  Last Runtime    Last Run
------------------------------  -----  ---------  --------  ----------  --------------  -------------------
/opt/airflow/dags/churn_dag.py                           1           0  0.21s           2026-03-03T16:13:07
================================================================================
[2026-03-03T16:14:02.800+0000] {manager.py:878} INFO - 
================================================================================
DAG File Processing Stats

File Path                       PID    Runtime      # DAGs    # Errors  Last Runtime    Last Run
------------------------------  -----  ---------  --------  ----------  --------------  -------------------
/opt/airflow/dags/churn_dag.py                           1           0  0.22s           2026-03-03T16:13:38
================================================================================
[2026-03-03T16:14:31.095+0000] {manager.py:878} INFO - 
================================================================================
DAG File Processing Stats

File Path                       PID    Runtime      # DAGs    # Errors  Last Runtime    Last Run
------------------------------  -----  ---------  --------  ----------  --------------  -------------------
/opt/airflow/dags/churn_dag.py                           1           0  0.32s           2026-03-03T16:14:09
================================================================================
[2026-03-03T16:14:59.145+0000] {manager.py:878} INFO - 
================================================================================
DAG File Processing Stats

File Path                       PID    Runtime      # DAGs    # Errors  Last Runtime    Last Run
------------------------------  -----  ---------  --------  ----------  --------------  -------------------
/opt/airflow/dags/churn_dag.py                           1           0  0.33s           2026-03-03T16:14:40
================================================================================
[2026-03-03T16:15:28.799+0000] {manager.py:878} INFO - 
================================================================================
DAG File Processing Stats

File Path                       PID    Runtime      # DAGs    # Errors  Last Runtime    Last Run
------------------------------  -----  ---------  --------  ----------  --------------  -------------------
/opt/airflow/dags/churn_dag.py                           1           0  0.32s           2026-03-03T16:15:10
================================================================================
[2026-03-03T16:15:35.357+0000] {manager.py:737} INFO - Searching for files in /opt/airflow/dags
[2026-03-03T16:15:35.401+0000] {manager.py:740} INFO - There are 1 files in /opt/airflow/dags
[2026-03-03T16:15:55.280+0000] {manager.py:878} INFO - 
================================================================================
DAG File Processing Stats

File Path                       PID    Runtime      # DAGs    # Errors  Last Runtime    Last Run
------------------------------  -----  ---------  --------  ----------  --------------  -------------------
/opt/airflow/dags/churn_dag.py                           1           0  0.22s           2026-03-03T16:15:41
================================================================================
[2026-03-03T16:16:23.812+0000] {manager.py:878} INFO - 
================================================================================
DAG File Processing Stats

File Path                       PID    Runtime      # DAGs    # Errors  Last Runtime    Last Run
------------------------------  -----  ---------  --------  ----------  --------------  -------------------
/opt/airflow/dags/churn_dag.py                           1           0  0.32s           2026-03-03T16:16:11
================================================================================
[2026-03-03T16:16:51.867+0000] {manager.py:878} INFO - 
================================================================================
DAG File Processing Stats

File Path                       PID    Runtime      # DAGs    # Errors  Last Runtime    Last Run
------------------------------  -----  ---------  --------  ----------  --------------  -------------------
/opt/airflow/dags/churn_dag.py                           1           0  0.21s           2026-03-03T16:16:42
================================================================================
[2026-03-03T16:17:20.096+0000] {manager.py:878} INFO - 
================================================================================
DAG File Processing Stats

File Path                       PID    Runtime      # DAGs    # Errors  Last Runtime    Last Run
------------------------------  -----  ---------  --------  ----------  --------------  -------------------
/opt/airflow/dags/churn_dag.py                           1           0  -1.00s          2026-03-03T16:17:11
================================================================================
[2026-03-03T16:17:49.663+0000] {manager.py:878} INFO - 
================================================================================
DAG File Processing Stats

File Path                       PID    Runtime      # DAGs    # Errors  Last Runtime    Last Run
------------------------------  -----  ---------  --------  ----------  --------------  -------------------
/opt/airflow/dags/churn_dag.py                           1           0  0.21s           2026-03-03T16:17:42
================================================================================
[2026-03-03T16:18:17.999+0000] {manager.py:878} INFO - 
================================================================================
DAG File Processing Stats

File Path                       PID    Runtime      # DAGs    # Errors  Last Runtime    Last Run
------------------------------  -----  ---------  --------  ----------  --------------  -------------------
/opt/airflow/dags/churn_dag.py                           1           0  0.42s           2026-03-03T16:18:13
================================================================================
[2026-03-03T16:18:43.040+0000] {manager.py:878} INFO - 
================================================================================
DAG File Processing Stats

File Path                       PID    Runtime      # DAGs    # Errors  Last Runtime    Last Run
------------------------------  -----  ---------  --------  ----------  --------------  -------------------
/opt/airflow/dags/churn_dag.py                           1           0  0.42s           2026-03-03T16:18:13
================================================================================
[2026-03-03T16:19:15.301+0000] {manager.py:878} INFO - 
================================================================================
DAG File Processing Stats

File Path                       PID    Runtime      # DAGs    # Errors  Last Runtime    Last Run
------------------------------  -----  ---------  --------  ----------  --------------  -------------------
/opt/airflow/dags/churn_dag.py                           1           0  0.23s           2026-03-03T16:19:14
================================================================================
[2026-03-03T16:19:42.777+0000] {manager.py:878} INFO - 
================================================================================
DAG File Processing Stats

File Path                       PID    Runtime      # DAGs    # Errors  Last Runtime    Last Run
------------------------------  -----  ---------  --------  ----------  --------------  -------------------
/opt/airflow/dags/churn_dag.py                           1           0  0.23s           2026-03-03T16:19:14
================================================================================
[2026-03-03T16:20:10.145+0000] {manager.py:878} INFO - 
================================================================================
DAG File Processing Stats

File Path                       PID    Runtime      # DAGs    # Errors  Last Runtime    Last Run
------------------------------  -----  ---------  --------  ----------  --------------  -------------------
/opt/airflow/dags/churn_dag.py                           1           0  0.23s           2026-03-03T16:19:45
================================================================================
[2026-03-03T16:20:36.291+0000] {manager.py:737} INFO - Searching for files in /opt/airflow/dags
[2026-03-03T16:20:36.342+0000] {manager.py:740} INFO - There are 1 files in /opt/airflow/dags
[2026-03-03T16:20:37.440+0000] {manager.py:878} INFO - 
================================================================================
DAG File Processing Stats

File Path                       PID    Runtime      # DAGs    # Errors  Last Runtime    Last Run
------------------------------  -----  ---------  --------  ----------  --------------  -------------------
/opt/airflow/dags/churn_dag.py                           1           0  0.32s           2026-03-03T16:20:15
================================================================================
[2026-03-03T16:21:04.934+0000] {manager.py:878} INFO - 
================================================================================
DAG File Processing Stats

File Path                       PID    Runtime      # DAGs    # Errors  Last Runtime    Last Run
------------------------------  -----  ---------  --------  ----------  --------------  -------------------
/opt/airflow/dags/churn_dag.py                           1           0  0.22s           2026-03-03T16:20:46
================================================================================
[2026-03-03T16:21:32.809+0000] {manager.py:878} INFO - 
================================================================================
DAG File Processing Stats

File Path                       PID    Runtime      # DAGs    # Errors  Last Runtime    Last Run
------------------------------  -----  ---------  --------  ----------  --------------  -------------------
/opt/airflow/dags/churn_dag.py                           1           0  0.21s           2026-03-03T16:21:17
================================================================================
[2026-03-03T16:22:00.840+0000] {manager.py:878} INFO - 
================================================================================
DAG File Processing Stats

File Path                       PID    Runtime      # DAGs    # Errors  Last Runtime    Last Run
------------------------------  -----  ---------  --------  ----------  --------------  -------------------
/opt/airflow/dags/churn_dag.py                           1           0  0.22s           2026-03-03T16:21:48
================================================================================
[2026-03-03T16:22:28.491+0000] {manager.py:878} INFO - 
================================================================================
DAG File Processing Stats

File Path                       PID    Runtime      # DAGs    # Errors  Last Runtime    Last Run
------------------------------  -----  ---------  --------  ----------  --------------  -------------------
/opt/airflow/dags/churn_dag.py                           1           0  0.21s           2026-03-03T16:22:18
================================================================================
[2026-03-03T16:22:56.234+0000] {manager.py:878} INFO - 
================================================================================
DAG File Processing Stats

File Path                       PID    Runtime      # DAGs    # Errors  Last Runtime    Last Run
------------------------------  -----  ---------  --------  ----------  --------------  -------------------
/opt/airflow/dags/churn_dag.py                           1           0  0.21s           2026-03-03T16:22:48
================================================================================
[2026-03-03T16:23:24.010+0000] {manager.py:878} INFO - 
================================================================================
DAG File Processing Stats

File Path                       PID    Runtime      # DAGs    # Errors  Last Runtime    Last Run
------------------------------  -----  ---------  --------  ----------  --------------  -------------------
/opt/airflow/dags/churn_dag.py                           1           0  0.41s           2026-03-03T16:23:19
================================================================================
[2026-03-03T16:23:51.780+0000] {manager.py:878} INFO - 
================================================================================
DAG File Processing Stats

File Path                       PID    Runtime      # DAGs    # Errors  Last Runtime    Last Run
------------------------------  -----  ---------  --------  ----------  --------------  -------------------
/opt/airflow/dags/churn_dag.py                           1           0  0.22s           2026-03-03T16:23:50
================================================================================
[2026-03-03T16:24:19.545+0000] {manager.py:878} INFO - 
================================================================================
DAG File Processing Stats

File Path                       PID    Runtime      # DAGs    # Errors  Last Runtime    Last Run
------------------------------  -----  ---------  --------  ----------  --------------  -------------------
/opt/airflow/dags/churn_dag.py                           1           0  0.22s           2026-03-03T16:23:50
================================================================================
[2026-03-03T16:24:47.436+0000] {manager.py:878} INFO - 
================================================================================
DAG File Processing Stats

File Path                       PID    Runtime      # DAGs    # Errors  Last Runtime    Last Run
------------------------------  -----  ---------  --------  ----------  --------------  -------------------
/opt/airflow/dags/churn_dag.py                           1           0  0.21s           2026-03-03T16:24:20
================================================================================
[2026-03-03T16:25:15.186+0000] {manager.py:878} INFO - 
================================================================================
DAG File Processing Stats

File Path                       PID    Runtime      # DAGs    # Errors  Last Runtime    Last Run
------------------------------  -----  ---------  --------  ----------  --------------  -------------------
/opt/airflow/dags/churn_dag.py                           1           0  0.32s           2026-03-03T16:24:52
================================================================================
[2026-03-03T16:25:36.299+0000] {manager.py:737} INFO - Searching for files in /opt/airflow/dags
[2026-03-03T16:25:36.334+0000] {manager.py:740} INFO - There are 1 files in /opt/airflow/dags
[2026-03-03T16:25:42.978+0000] {manager.py:878} INFO - 
================================================================================
DAG File Processing Stats

File Path                       PID    Runtime      # DAGs    # Errors  Last Runtime    Last Run
------------------------------  -----  ---------  --------  ----------  --------------  -------------------
/opt/airflow/dags/churn_dag.py                           1           0  0.22s           2026-03-03T16:25:22
================================================================================
[2026-03-03T16:26:10.825+0000] {manager.py:878} INFO - 
================================================================================
DAG File Processing Stats

File Path                       PID    Runtime      # DAGs    # Errors  Last Runtime    Last Run
------------------------------  -----  ---------  --------  ----------  --------------  -------------------
/opt/airflow/dags/churn_dag.py                           1           0  0.31s           2026-03-03T16:25:53
================================================================================
[2026-03-03T16:26:38.500+0000] {manager.py:878} INFO - 
================================================================================
DAG File Processing Stats

File Path                       PID    Runtime      # DAGs    # Errors  Last Runtime    Last Run
------------------------------  -----  ---------  --------  ----------  --------------  -------------------
/opt/airflow/dags/churn_dag.py                           1           0  0.22s           2026-03-03T16:26:24
================================================================================
[2026-03-03T16:27:06.344+0000] {manager.py:878} INFO - 
================================================================================
DAG File Processing Stats

File Path                       PID    Runtime      # DAGs    # Errors  Last Runtime    Last Run
------------------------------  -----  ---------  --------  ----------  --------------  -------------------
/opt/airflow/dags/churn_dag.py                           1           0  0.21s           2026-03-03T16:26:54
================================================================================
[2026-03-03T16:27:34.217+0000] {manager.py:878} INFO - 
================================================================================
DAG File Processing Stats

File Path                       PID    Runtime      # DAGs    # Errors  Last Runtime    Last Run
------------------------------  -----  ---------  --------  ----------  --------------  -------------------
/opt/airflow/dags/churn_dag.py                           1           0  0.21s           2026-03-03T16:27:25
================================================================================
[2026-03-03T16:28:02.015+0000] {manager.py:878} INFO - 
================================================================================
DAG File Processing Stats

File Path                       PID    Runtime      # DAGs    # Errors  Last Runtime    Last Run
------------------------------  -----  ---------  --------  ----------  --------------  -------------------
/opt/airflow/dags/churn_dag.py                           1           0  0.52s           2026-03-03T16:27:56
================================================================================
[2026-03-03T16:28:29.834+0000] {manager.py:878} INFO - 
================================================================================
DAG File Processing Stats

File Path                       PID    Runtime      # DAGs    # Errors  Last Runtime    Last Run
------------------------------  -----  ---------  --------  ----------  --------------  -------------------
/opt/airflow/dags/churn_dag.py                           1           0  0.32s           2026-03-03T16:28:27
================================================================================
[2026-03-03T16:28:57.862+0000] {manager.py:878} INFO - 
================================================================================
DAG File Processing Stats

File Path                       PID    Runtime      # DAGs    # Errors  Last Runtime    Last Run
------------------------------  -----  ---------  --------  ----------  --------------  -------------------
/opt/airflow/dags/churn_dag.py                           1           0  0.22s           2026-03-03T16:28:57
================================================================================
[2026-03-03T16:29:25.713+0000] {manager.py:878} INFO - 
================================================================================
DAG File Processing Stats

File Path                       PID    Runtime      # DAGs    # Errors  Last Runtime    Last Run
------------------------------  -----  ---------  --------  ----------  --------------  -------------------
/opt/airflow/dags/churn_dag.py                           1           0  0.22s           2026-03-03T16:28:57
================================================================================
[2026-03-03T16:29:53.529+0000] {manager.py:878} INFO - 
================================================================================
DAG File Processing Stats

File Path                       PID    Runtime      # DAGs    # Errors  Last Runtime    Last Run
------------------------------  -----  ---------  --------  ----------  --------------  -------------------
/opt/airflow/dags/churn_dag.py                           1           0  0.31s           2026-03-03T16:29:28
================================================================================
[2026-03-03T16:30:21.318+0000] {manager.py:878} INFO - 
================================================================================
DAG File Processing Stats

File Path                       PID    Runtime      # DAGs    # Errors  Last Runtime    Last Run
------------------------------  -----  ---------  --------  ----------  --------------  -------------------
/opt/airflow/dags/churn_dag.py                           1           0  0.32s           2026-03-03T16:29:59
================================================================================
[2026-03-03T16:30:36.407+0000] {manager.py:737} INFO - Searching for files in /opt/airflow/dags
[2026-03-03T16:30:36.444+0000] {manager.py:740} INFO - There are 1 files in /opt/airflow/dags
[2026-03-03T16:30:49.297+0000] {manager.py:878} INFO - 
================================================================================
DAG File Processing Stats

File Path                       PID    Runtime      # DAGs    # Errors  Last Runtime    Last Run
------------------------------  -----  ---------  --------  ----------  --------------  -------------------
/opt/airflow/dags/churn_dag.py                           1           0  0.22s           2026-03-03T16:30:29
================================================================================
[2026-03-03T16:31:17.126+0000] {manager.py:878} INFO - 
================================================================================
DAG File Processing Stats

File Path                       PID    Runtime      # DAGs    # Errors  Last Runtime    Last Run
------------------------------  -----  ---------  --------  ----------  --------------  -------------------
/opt/airflow/dags/churn_dag.py                           1           0  0.22s           2026-03-03T16:31:00
================================================================================
[2026-03-03T16:31:44.991+0000] {manager.py:878} INFO - 
================================================================================
DAG File Processing Stats

File Path                       PID    Runtime      # DAGs    # Errors  Last Runtime    Last Run
------------------------------  -----  ---------  --------  ----------  --------------  -------------------
/opt/airflow/dags/churn_dag.py                           1           0  0.22s           2026-03-03T16:31:31
================================================================================
[2026-03-03T16:32:12.833+0000] {manager.py:878} INFO - 
================================================================================
DAG File Processing Stats

File Path                       PID    Runtime      # DAGs    # Errors  Last Runtime    Last Run
------------------------------  -----  ---------  --------  ----------  --------------  -------------------
/opt/airflow/dags/churn_dag.py                           1           0  0.22s           2026-03-03T16:32:02
================================================================================
[2026-03-03T16:32:40.707+0000] {manager.py:878} INFO - 
================================================================================
DAG File Processing Stats

File Path                       PID    Runtime      # DAGs    # Errors  Last Runtime    Last Run
------------------------------  -----  ---------  --------  ----------  --------------  -------------------
/opt/airflow/dags/churn_dag.py                           1           0  0.33s           2026-03-03T16:32:32
================================================================================
[2026-03-03T16:33:08.395+0000] {manager.py:878} INFO - 
================================================================================
DAG File Processing Stats

File Path                       PID    Runtime      # DAGs    # Errors  Last Runtime    Last Run
------------------------------  -----  ---------  --------  ----------  --------------  -------------------
/opt/airflow/dags/churn_dag.py                           1           0  0.32s           2026-03-03T16:33:03
================================================================================
[2026-03-03T16:33:36.367+0000] {manager.py:878} INFO - 
================================================================================
DAG File Processing Stats

File Path                       PID    Runtime      # DAGs    # Errors  Last Runtime    Last Run
------------------------------  -----  ---------  --------  ----------  --------------  -------------------
/opt/airflow/dags/churn_dag.py                           1           0  0.32s           2026-03-03T16:33:34
================================================================================
[2026-03-03T16:34:04.447+0000] {manager.py:878} INFO - 
================================================================================
DAG File Processing Stats

File Path                       PID    Runtime      # DAGs    # Errors  Last Runtime    Last Run
------------------------------  -----  ---------  --------  ----------  --------------  -------------------
/opt/airflow/dags/churn_dag.py                           1           0  0.21s           2026-03-03T16:34:04
================================================================================
[2026-03-03T16:34:32.265+0000] {manager.py:878} INFO - 
================================================================================
DAG File Processing Stats

File Path                       PID    Runtime      # DAGs    # Errors  Last Runtime    Last Run
------------------------------  -----  ---------  --------  ----------  --------------  -------------------
/opt/airflow/dags/churn_dag.py                           1           0  0.21s           2026-03-03T16:34:04
================================================================================
[2026-03-03T16:35:00.136+0000] {manager.py:878} INFO - 
================================================================================
DAG File Processing Stats

File Path                       PID    Runtime      # DAGs    # Errors  Last Runtime    Last Run
------------------------------  -----  ---------  --------  ----------  --------------  -------------------
/opt/airflow/dags/churn_dag.py                           1           0  0.33s           2026-03-03T16:34:35
================================================================================
[2026-03-03T16:35:28.030+0000] {manager.py:878} INFO - 
================================================================================
DAG File Processing Stats

File Path                       PID    Runtime      # DAGs    # Errors  Last Runtime    Last Run
------------------------------  -----  ---------  --------  ----------  --------------  -------------------
/opt/airflow/dags/churn_dag.py                           1           0  0.23s           2026-03-03T16:35:06
================================================================================
[2026-03-03T16:35:36.415+0000] {manager.py:737} INFO - Searching for files in /opt/airflow/dags
[2026-03-03T16:35:36.491+0000] {manager.py:740} INFO - There are 1 files in /opt/airflow/dags
[2026-03-03T16:35:55.858+0000] {manager.py:878} INFO - 
================================================================================
DAG File Processing Stats

File Path                       PID    Runtime      # DAGs    # Errors  Last Runtime    Last Run
------------------------------  -----  ---------  --------  ----------  --------------  -------------------
/opt/airflow/dags/churn_dag.py                           1           0  0.23s           2026-03-03T16:35:37
================================================================================
[2026-03-03T16:36:23.748+0000] {manager.py:878} INFO - 
================================================================================
DAG File Processing Stats

File Path                       PID    Runtime      # DAGs    # Errors  Last Runtime    Last Run
------------------------------  -----  ---------  --------  ----------  --------------  -------------------
/opt/airflow/dags/churn_dag.py                           1           0  0.22s           2026-03-03T16:36:07
================================================================================
[2026-03-03T16:36:51.623+0000] {manager.py:878} INFO - 
================================================================================
DAG File Processing Stats

File Path                       PID    Runtime      # DAGs    # Errors  Last Runtime    Last Run
------------------------------  -----  ---------  --------  ----------  --------------  -------------------
/opt/airflow/dags/churn_dag.py                           1           0  0.22s           2026-03-03T16:36:38
================================================================================
[2026-03-03T16:37:19.389+0000] {manager.py:878} INFO - 
================================================================================
DAG File Processing Stats

File Path                       PID    Runtime      # DAGs    # Errors  Last Runtime    Last Run
------------------------------  -----  ---------  --------  ----------  --------------  -------------------
/opt/airflow/dags/churn_dag.py                           1           0  0.21s           2026-03-03T16:37:09
================================================================================
[2026-03-03T16:37:47.064+0000] {manager.py:878} INFO - 
================================================================================
DAG File Processing Stats

File Path                       PID    Runtime      # DAGs    # Errors  Last Runtime    Last Run
------------------------------  -----  ---------  --------  ----------  --------------  -------------------
/opt/airflow/dags/churn_dag.py                           1           0  0.31s           2026-03-03T16:37:40
================================================================================
[2026-03-03T16:38:15.124+0000] {manager.py:878} INFO - 
================================================================================
DAG File Processing Stats

File Path                       PID    Runtime      # DAGs    # Errors  Last Runtime    Last Run
------------------------------  -----  ---------  --------  ----------  --------------  -------------------
/opt/airflow/dags/churn_dag.py                           1           0  0.32s           2026-03-03T16:38:11
================================================================================
