[2026-03-04T17:51:52.067+0000] {local_task_job_runner.py:120} INFO - ::group::Pre task execution logs
[2026-03-04T17:51:52.100+0000] {taskinstance.py:2076} INFO - Dependencies all met for dep_context=non-requeueable deps ti=<TaskInstance: customer_churn_pipeline.feature_engineering manual__2026-03-04T17:51:31.408546+00:00 [queued]>
[2026-03-04T17:51:52.113+0000] {taskinstance.py:2076} INFO - Dependencies all met for dep_context=requeueable deps ti=<TaskInstance: customer_churn_pipeline.feature_engineering manual__2026-03-04T17:51:31.408546+00:00 [queued]>
[2026-03-04T17:51:52.115+0000] {taskinstance.py:2306} INFO - Starting attempt 1 of 1
[2026-03-04T17:51:52.146+0000] {taskinstance.py:2330} INFO - Executing <Task(PythonOperator): feature_engineering> on 2026-03-04 17:51:31.408546+00:00
[2026-03-04T17:51:52.156+0000] {standard_task_runner.py:64} INFO - Started process 225 to run task
[2026-03-04T17:51:52.162+0000] {standard_task_runner.py:90} INFO - Running: ['airflow', 'tasks', 'run', 'customer_churn_pipeline', 'feature_engineering', 'manual__2026-03-04T17:51:31.408546+00:00', '--job-id', '8', '--raw', '--subdir', 'DAGS_FOLDER/churn_dag.py', '--cfg-path', '/tmp/tmph_9b0loh']
[2026-03-04T17:51:52.168+0000] {standard_task_runner.py:91} INFO - Job 8: Subtask feature_engineering
[2026-03-04T17:51:52.258+0000] {task_command.py:426} INFO - Running <TaskInstance: customer_churn_pipeline.feature_engineering manual__2026-03-04T17:51:31.408546+00:00 [running]> on host ab1186d5e05a
[2026-03-04T17:51:52.372+0000] {taskinstance.py:2648} INFO - Exporting env vars: AIRFLOW_CTX_DAG_OWNER='airflow' AIRFLOW_CTX_DAG_ID='customer_churn_pipeline' AIRFLOW_CTX_TASK_ID='feature_engineering' AIRFLOW_CTX_EXECUTION_DATE='2026-03-04T17:51:31.408546+00:00' AIRFLOW_CTX_TRY_NUMBER='1' AIRFLOW_CTX_DAG_RUN_ID='manual__2026-03-04T17:51:31.408546+00:00'
[2026-03-04T17:51:52.374+0000] {taskinstance.py:430} INFO - ::endgroup::
[2026-03-04T17:51:54.268+0000] {taskinstance.py:441} INFO - ::group::Post task execution logs
[2026-03-04T17:51:54.269+0000] {taskinstance.py:2905} ERROR - Task failed with exception
Traceback (most recent call last):
  File "/home/airflow/.local/lib/python3.12/site-packages/airflow/models/taskinstance.py", line 465, in _execute_task
    result = _execute_callable(context=context, **execute_callable_kwargs)
             ^^^^^^^^^^^^^^^^^^^^^^^^^^^^^^^^^^^^^^^^^^^^^^^^^^^^^^^^^^^^^
  File "/home/airflow/.local/lib/python3.12/site-packages/airflow/models/taskinstance.py", line 432, in _execute_callable
    return execute_callable(context=context, **execute_callable_kwargs)
           ^^^^^^^^^^^^^^^^^^^^^^^^^^^^^^^^^^^^^^^^^^^^^^^^^^^^^^^^^^^^
  File "/home/airflow/.local/lib/python3.12/site-packages/airflow/models/baseoperator.py", line 401, in wrapper
    return func(self, *args, **kwargs)
           ^^^^^^^^^^^^^^^^^^^^^^^^^^^
  File "/home/airflow/.local/lib/python3.12/site-packages/airflow/operators/python.py", line 235, in execute
    return_value = self.execute_callable()
                   ^^^^^^^^^^^^^^^^^^^^^^^
  File "/home/airflow/.local/lib/python3.12/site-packages/airflow/operators/python.py", line 252, in execute_callable
    return self.python_callable(*self.op_args, **self.op_kwargs)
           ^^^^^^^^^^^^^^^^^^^^^^^^^^^^^^^^^^^^^^^^^^^^^^^^^^^^^
  File "/opt/airflow/dags/churn_dag.py", line 82, in feature_engineering
    _run_python("src/preprocessing.py")
  File "/opt/airflow/dags/churn_dag.py", line 41, in _run_python
    raise RuntimeError(
RuntimeError: Failed running src/preprocessing.py
STDOUT:

STDERR:
Traceback (most recent call last):
  File "/opt/project/src/preprocessing.py", line 3, in <module>
    from sklearn.model_selection import train_test_split
ModuleNotFoundError: No module named 'sklearn'

[2026-03-04T17:51:54.288+0000] {taskinstance.py:1206} INFO - Marking task as FAILED. dag_id=customer_churn_pipeline, task_id=feature_engineering, run_id=manual__2026-03-04T17:51:31.408546+00:00, execution_date=20260304T175131, start_date=20260304T175152, end_date=20260304T175154
[2026-03-04T17:51:54.302+0000] {standard_task_runner.py:110} ERROR - Failed to execute job 8 for task feature_engineering (Failed running src/preprocessing.py
STDOUT:

STDERR:
Traceback (most recent call last):
  File "/opt/project/src/preprocessing.py", line 3, in <module>
    from sklearn.model_selection import train_test_split
ModuleNotFoundError: No module named 'sklearn'
; 225)
[2026-03-04T17:51:54.319+0000] {local_task_job_runner.py:243} INFO - Task exited with return code 1
[2026-03-04T17:51:54.344+0000] {taskinstance.py:3503} INFO - 0 downstream tasks scheduled from follow-on schedule check
[2026-03-04T17:51:54.355+0000] {local_task_job_runner.py:222} INFO - ::endgroup::
