[2026-03-05T17:31:23.450+0000] {local_task_job_runner.py:120} INFO - ::group::Pre task execution logs
[2026-03-05T17:31:23.499+0000] {taskinstance.py:2076} INFO - Dependencies all met for dep_context=non-requeueable deps ti=<TaskInstance: customer_churn_pipeline.model_training manual__2026-03-05T17:30:44.579132+00:00 [queued]>
[2026-03-05T17:31:23.515+0000] {taskinstance.py:2076} INFO - Dependencies all met for dep_context=requeueable deps ti=<TaskInstance: customer_churn_pipeline.model_training manual__2026-03-05T17:30:44.579132+00:00 [queued]>
[2026-03-05T17:31:23.516+0000] {taskinstance.py:2306} INFO - Starting attempt 1 of 1
[2026-03-05T17:31:23.548+0000] {taskinstance.py:2330} INFO - Executing <Task(PythonOperator): model_training> on 2026-03-05 17:30:44.579132+00:00
[2026-03-05T17:31:23.561+0000] {standard_task_runner.py:64} INFO - Started process 225 to run task
[2026-03-05T17:31:23.568+0000] {standard_task_runner.py:90} INFO - Running: ['airflow', 'tasks', 'run', 'customer_churn_pipeline', 'model_training', 'manual__2026-03-05T17:30:44.579132+00:00', '--job-id', '6', '--raw', '--subdir', 'DAGS_FOLDER/churn_dag.py', '--cfg-path', '/tmp/tmpgtug8jwj']
[2026-03-05T17:31:23.572+0000] {standard_task_runner.py:91} INFO - Job 6: Subtask model_training
[2026-03-05T17:31:23.645+0000] {task_command.py:426} INFO - Running <TaskInstance: customer_churn_pipeline.model_training manual__2026-03-05T17:30:44.579132+00:00 [running]> on host baa329a135a1
[2026-03-05T17:31:23.752+0000] {taskinstance.py:2648} INFO - Exporting env vars: AIRFLOW_CTX_DAG_OWNER='airflow' AIRFLOW_CTX_DAG_ID='customer_churn_pipeline' AIRFLOW_CTX_TASK_ID='model_training' AIRFLOW_CTX_EXECUTION_DATE='2026-03-05T17:30:44.579132+00:00' AIRFLOW_CTX_TRY_NUMBER='1' AIRFLOW_CTX_DAG_RUN_ID='manual__2026-03-05T17:30:44.579132+00:00'
[2026-03-05T17:31:23.754+0000] {taskinstance.py:430} INFO - ::endgroup::
[2026-03-05T17:31:52.181+0000] {taskinstance.py:441} INFO - ::group::Post task execution logs
[2026-03-05T17:31:52.188+0000] {taskinstance.py:2905} ERROR - Task failed with exception
Traceback (most recent call last):
  File "/home/airflow/.local/lib/python3.12/site-packages/airflow/models/taskinstance.py", line 465, in _execute_task
    result = _execute_callable(context=context, **execute_callable_kwargs)
             ^^^^^^^^^^^^^^^^^^^^^^^^^^^^^^^^^^^^^^^^^^^^^^^^^^^^^^^^^^^^^
  File "/home/airflow/.local/lib/python3.12/site-packages/airflow/models/taskinstance.py", line 432, in _execute_callable
    return execute_callable(context=context, **execute_callable_kwargs)
           ^^^^^^^^^^^^^^^^^^^^^^^^^^^^^^^^^^^^^^^^^^^^^^^^^^^^^^^^^^^^
  File "/home/airflow/.local/lib/python3.12/site-packages/airflow/models/baseoperator.py", line 401, in wrapper
    return func(self, *args, **kwargs)
           ^^^^^^^^^^^^^^^^^^^^^^^^^^^
  File "/home/airflow/.local/lib/python3.12/site-packages/airflow/operators/python.py", line 235, in execute
    return_value = self.execute_callable()
                   ^^^^^^^^^^^^^^^^^^^^^^^
  File "/home/airflow/.local/lib/python3.12/site-packages/airflow/operators/python.py", line 252, in execute_callable
    return self.python_callable(*self.op_args, **self.op_kwargs)
           ^^^^^^^^^^^^^^^^^^^^^^^^^^^^^^^^^^^^^^^^^^^^^^^^^^^^^
  File "/opt/airflow/dags/churn_dag.py", line 90, in model_training
    _run_python("src/train.py")
  File "/opt/airflow/dags/churn_dag.py", line 41, in _run_python
    raise RuntimeError(
RuntimeError: Failed running src/train.py
STDOUT:

STDERR:
/home/airflow/.local/lib/python3.12/site-packages/pydantic/_internal/_fields.py:161: UserWarning: Field "model_name" has conflict with protected namespace "model_".

You may be able to resolve this warning by setting `model_config['protected_namespaces'] = ()`.
  warnings.warn(
2026/03/05 17:31:33 WARNING mlflow.utils.git_utils: Failed to import Git (the Git executable is probably not on your PATH), so Git SHA is not available. Error: Failed to initialize: Bad git executable.
The git executable must be specified in one of the following ways:
    - be included in your $PATH
    - be set via $GIT_PYTHON_GIT_EXECUTABLE
    - explicitly set via git.refresh(<full-path-to-git-executable>)

All git commands will error until this is rectified.

This initial message can be silenced or aggravated in the future by setting the
$GIT_PYTHON_REFRESH environment variable. Use one of the following values:
    - quiet|q|silence|s|silent|none|n|0: for no message or exception
    - warn|w|warning|log|l|1: for a warning message (logging level CRITICAL, displayed by default)
    - error|e|exception|raise|r|2: for a raised exception

Example:
    export GIT_PYTHON_REFRESH=quiet

2026/03/05 17:31:35 WARNING mlflow.models.model: `artifact_path` is deprecated. Please use `name` instead.
2026/03/05 17:31:36 WARNING mlflow.sklearn: Saving scikit-learn models in the pickle or cloudpickle format requires exercising caution because these formats rely on Python's object serialization mechanism, which can execute arbitrary code during deserialization. The recommended safe alternative is the 'skops' format. For more information, see: https://scikit-learn.org/stable/model_persistence.html
Traceback (most recent call last):
  File "/opt/project/src/train.py", line 176, in <module>
    main()
  File "/opt/project/src/train.py", line 139, in main
    mlflow.sklearn.log_model(
  File "/home/airflow/.local/lib/python3.12/site-packages/mlflow/sklearn/__init__.py", line 477, in log_model
    return Model.log(
           ^^^^^^^^^^
  File "/home/airflow/.local/lib/python3.12/site-packages/mlflow/models/model.py", line 1288, in log
    client.log_model_artifacts(model.model_id, local_path)
  File "/home/airflow/.local/lib/python3.12/site-packages/mlflow/tracking/client.py", line 5915, in log_model_artifacts
    return self._tracking_client.log_model_artifacts(model_id, local_dir)
           ^^^^^^^^^^^^^^^^^^^^^^^^^^^^^^^^^^^^^^^^^^^^^^^^^^^^^^^^^^^^^^
  File "/home/airflow/.local/lib/python3.12/site-packages/mlflow/tracking/_tracking_service/client.py", line 920, in log_model_artifacts
    self._get_artifact_repo(model_id, resource="logged_model").log_artifacts(local_dir)
  File "/home/airflow/.local/lib/python3.12/site-packages/mlflow/store/artifact/local_artifact_repo.py", line 69, in log_artifacts
    mkdir(artifact_dir)
  File "/home/airflow/.local/lib/python3.12/site-packages/mlflow/utils/file_utils.py", line 210, in mkdir
    raise e
  File "/home/airflow/.local/lib/python3.12/site-packages/mlflow/utils/file_utils.py", line 207, in mkdir
    os.makedirs(target, exist_ok=True)
  File "<frozen os>", line 215, in makedirs
  File "<frozen os>", line 215, in makedirs
  File "<frozen os>", line 215, in makedirs
  [Previous line repeated 5 more times]
  File "<frozen os>", line 225, in makedirs
PermissionError: [Errno 13] Permission denied: '/mnt/wsl'

[2026-03-05T17:31:52.244+0000] {taskinstance.py:1206} INFO - Marking task as FAILED. dag_id=customer_churn_pipeline, task_id=model_training, run_id=manual__2026-03-05T17:30:44.579132+00:00, execution_date=20260305T173044, start_date=20260305T173123, end_date=20260305T173152
[2026-03-05T17:31:52.271+0000] {standard_task_runner.py:110} ERROR - Failed to execute job 6 for task model_training (Failed running src/train.py
STDOUT:

STDERR:
/home/airflow/.local/lib/python3.12/site-packages/pydantic/_internal/_fields.py:161: UserWarning: Field "model_name" has conflict with protected namespace "model_".

You may be able to resolve this warning by setting `model_config['protected_namespaces'] = ()`.
  warnings.warn(
2026/03/05 17:31:33 WARNING mlflow.utils.git_utils: Failed to import Git (the Git executable is probably not on your PATH), so Git SHA is not available. Error: Failed to initialize: Bad git executable.
The git executable must be specified in one of the following ways:
    - be included in your $PATH
    - be set via $GIT_PYTHON_GIT_EXECUTABLE
    - explicitly set via git.refresh(<full-path-to-git-executable>)

All git commands will error until this is rectified.

This initial message can be silenced or aggravated in the future by setting the
$GIT_PYTHON_REFRESH environment variable. Use one of the following values:
    - quiet|q|silence|s|silent|none|n|0: for no message or exception
    - warn|w|warning|log|l|1: for a warning message (logging level CRITICAL, displayed by default)
    - error|e|exception|raise|r|2: for a raised exception

Example:
    export GIT_PYTHON_REFRESH=quiet

2026/03/05 17:31:35 WARNING mlflow.models.model: `artifact_path` is deprecated. Please use `name` instead.
2026/03/05 17:31:36 WARNING mlflow.sklearn: Saving scikit-learn models in the pickle or cloudpickle format requires exercising caution because these formats rely on Python's object serialization mechanism, which can execute arbitrary code during deserialization. The recommended safe alternative is the 'skops' format. For more information, see: https://scikit-learn.org/stable/model_persistence.html
Traceback (most recent call last):
  File "/opt/project/src/train.py", line 176, in <module>
    main()
  File "/opt/project/src/train.py", line 139, in main
    mlflow.sklearn.log_model(
  File "/home/airflow/.local/lib/python3.12/site-packages/mlflow/sklearn/__init__.py", line 477, in log_model
    return Model.log(
           ^^^^^^^^^^
  File "/home/airflow/.local/lib/python3.12/site-packages/mlflow/models/model.py", line 1288, in log
    client.log_model_artifacts(model.model_id, local_path)
  File "/home/airflow/.local/lib/python3.12/site-packages/mlflow/tracking/client.py", line 5915, in log_model_artifacts
    return self._tracking_client.log_model_artifacts(model_id, local_dir)
           ^^^^^^^^^^^^^^^^^^^^^^^^^^^^^^^^^^^^^^^^^^^^^^^^^^^^^^^^^^^^^^
  File "/home/airflow/.local/lib/python3.12/site-packages/mlflow/tracking/_tracking_service/client.py", line 920, in log_model_artifacts
    self._get_artifact_repo(model_id, resource="logged_model").log_artifacts(local_dir)
  File "/home/airflow/.local/lib/python3.12/site-packages/mlflow/store/artifact/local_artifact_repo.py", line 69, in log_artifacts
    mkdir(artifact_dir)
  File "/home/airflow/.local/lib/python3.12/site-packages/mlflow/utils/file_utils.py", line 210, in mkdir
    raise e
  File "/home/airflow/.local/lib/python3.12/site-packages/mlflow/utils/file_utils.py", line 207, in mkdir
    os.makedirs(target, exist_ok=True)
  File "<frozen os>", line 215, in makedirs
  File "<frozen os>", line 215, in makedirs
  File "<frozen os>", line 215, in makedirs
  [Previous line repeated 5 more times]
  File "<frozen os>", line 225, in makedirs
PermissionError: [Errno 13] Permission denied: '/mnt/wsl'
; 225)
[2026-03-05T17:31:52.321+0000] {local_task_job_runner.py:243} INFO - Task exited with return code 1
[2026-03-05T17:31:52.353+0000] {taskinstance.py:3503} INFO - 0 downstream tasks scheduled from follow-on schedule check
[2026-03-05T17:31:52.367+0000] {local_task_job_runner.py:222} INFO - ::endgroup::
