[2026-03-05T04:49:25.381+0000] {local_task_job_runner.py:120} INFO - ::group::Pre task execution logs
[2026-03-05T04:49:25.441+0000] {taskinstance.py:2076} INFO - Dependencies all met for dep_context=non-requeueable deps ti=<TaskInstance: customer_churn_pipeline.model_training manual__2026-03-05T04:48:46.694797+00:00 [queued]>
[2026-03-05T04:49:25.454+0000] {taskinstance.py:2076} INFO - Dependencies all met for dep_context=requeueable deps ti=<TaskInstance: customer_churn_pipeline.model_training manual__2026-03-05T04:48:46.694797+00:00 [queued]>
[2026-03-05T04:49:25.456+0000] {taskinstance.py:2306} INFO - Starting attempt 1 of 1
[2026-03-05T04:49:25.483+0000] {taskinstance.py:2330} INFO - Executing <Task(PythonOperator): model_training> on 2026-03-05 04:48:46.694797+00:00
[2026-03-05T04:49:25.490+0000] {standard_task_runner.py:64} INFO - Started process 703 to run task
[2026-03-05T04:49:25.496+0000] {standard_task_runner.py:90} INFO - Running: ['airflow', 'tasks', 'run', 'customer_churn_pipeline', 'model_training', 'manual__2026-03-05T04:48:46.694797+00:00', '--job-id', '27', '--raw', '--subdir', 'DAGS_FOLDER/churn_dag.py', '--cfg-path', '/tmp/tmpk8yvh55l']
[2026-03-05T04:49:25.502+0000] {standard_task_runner.py:91} INFO - Job 27: Subtask model_training
[2026-03-05T04:49:25.598+0000] {task_command.py:426} INFO - Running <TaskInstance: customer_churn_pipeline.model_training manual__2026-03-05T04:48:46.694797+00:00 [running]> on host ab1186d5e05a
[2026-03-05T04:49:25.714+0000] {taskinstance.py:2648} INFO - Exporting env vars: AIRFLOW_CTX_DAG_OWNER='airflow' AIRFLOW_CTX_DAG_ID='customer_churn_pipeline' AIRFLOW_CTX_TASK_ID='model_training' AIRFLOW_CTX_EXECUTION_DATE='2026-03-05T04:48:46.694797+00:00' AIRFLOW_CTX_TRY_NUMBER='1' AIRFLOW_CTX_DAG_RUN_ID='manual__2026-03-05T04:48:46.694797+00:00'
[2026-03-05T04:49:25.716+0000] {taskinstance.py:430} INFO - ::endgroup::
[2026-03-05T04:49:27.218+0000] {taskinstance.py:441} INFO - ::group::Post task execution logs
[2026-03-05T04:49:27.219+0000] {taskinstance.py:2905} ERROR - Task failed with exception
Traceback (most recent call last):
  File "/home/airflow/.local/lib/python3.12/site-packages/airflow/models/taskinstance.py", line 465, in _execute_task
    result = _execute_callable(context=context, **execute_callable_kwargs)
             ^^^^^^^^^^^^^^^^^^^^^^^^^^^^^^^^^^^^^^^^^^^^^^^^^^^^^^^^^^^^^
  File "/home/airflow/.local/lib/python3.12/site-packages/airflow/models/taskinstance.py", line 432, in _execute_callable
    return execute_callable(context=context, **execute_callable_kwargs)
           ^^^^^^^^^^^^^^^^^^^^^^^^^^^^^^^^^^^^^^^^^^^^^^^^^^^^^^^^^^^^
  File "/home/airflow/.local/lib/python3.12/site-packages/airflow/models/baseoperator.py", line 401, in wrapper
    return func(self, *args, **kwargs)
           ^^^^^^^^^^^^^^^^^^^^^^^^^^^
  File "/home/airflow/.local/lib/python3.12/site-packages/airflow/operators/python.py", line 235, in execute
    return_value = self.execute_callable()
                   ^^^^^^^^^^^^^^^^^^^^^^^
  File "/home/airflow/.local/lib/python3.12/site-packages/airflow/operators/python.py", line 252, in execute_callable
    return self.python_callable(*self.op_args, **self.op_kwargs)
           ^^^^^^^^^^^^^^^^^^^^^^^^^^^^^^^^^^^^^^^^^^^^^^^^^^^^^
  File "/opt/airflow/dags/churn_dag.py", line 90, in model_training
    _run_python("src/train.py")
  File "/opt/airflow/dags/churn_dag.py", line 41, in _run_python
    raise RuntimeError(
RuntimeError: Failed running src/train.py
STDOUT:

STDERR:
Traceback (most recent call last):
  File "/opt/project/src/train.py", line 7, in <module>
    import mlflow
ModuleNotFoundError: No module named 'mlflow'

[2026-03-05T04:49:27.237+0000] {taskinstance.py:1206} INFO - Marking task as FAILED. dag_id=customer_churn_pipeline, task_id=model_training, run_id=manual__2026-03-05T04:48:46.694797+00:00, execution_date=20260305T044846, start_date=20260305T044925, end_date=20260305T044927
[2026-03-05T04:49:27.271+0000] {standard_task_runner.py:110} ERROR - Failed to execute job 27 for task model_training (Failed running src/train.py
STDOUT:

STDERR:
Traceback (most recent call last):
  File "/opt/project/src/train.py", line 7, in <module>
    import mlflow
ModuleNotFoundError: No module named 'mlflow'
; 703)
[2026-03-05T04:49:27.308+0000] {local_task_job_runner.py:243} INFO - Task exited with return code 1
[2026-03-05T04:49:27.342+0000] {taskinstance.py:3503} INFO - 0 downstream tasks scheduled from follow-on schedule check
[2026-03-05T04:49:27.387+0000] {local_task_job_runner.py:222} INFO - ::endgroup::
